ubuntu@fuzzing-05:~/experiment-7/exp-env$ grep -l -e" args\[i\]" -e" args\[i\]" -e "scanf" -e "fscanf" -e "fgets" -e "gets" -e "getchar" -e "getc" -e "fgetc" -e "scanf_s" -e "fread" -e "scanf" -e "fscanf" -e "fgets" -e "gets" -e "getchar" -e "getc" -e "fgetc" -e "scanf_s" -e "fread" -e "getline" -e "read" -e "fgetchar" -e "getch" -e "getche" -e "kbhit" -e "sscanf" -e "vscanf" -e "vfscanf" -e "vsscanf" -e "vfscanf" -e "vsscanf" -e "fgets_unlocked" -e "getdelim" -e "perror" -e "getpass" -e "getw" -e "getwc" -e "getwchar" -e "popen" -e "getenv" -e "gettimeofday" -e "clock_gettime" -e "ioctl" -e "mmap" ../Llama/raw/*.c  | wc -l
1590
ubuntu@fuzzing-05:~/experiment-7/exp-env$ grep -l -e" args\[i\]" -e" args\[i\]" -e "scanf" -e "fscanf" -e "fgets" -e "gets" -e "getchar" -e "getc" -e "fgetc" -e "scanf_s" -e "fread" -e "scanf" -e "fscanf" -e "fgets" -e "gets" -e "getchar" -e "getc" -e "fgetc" -e "scanf_s" -e "fread" -e "getline" -e "read" -e "fgetchar" -e "getch" -e "getche" -e "kbhit" -e "sscanf" -e "vscanf" -e "vfscanf" -e "vsscanf" -e "vfscanf" -e "vsscanf" -e "fgets_unlocked" -e "getdelim" -e "perror" -e "getpass" -e "getw" -e "getwc" -e "getwchar" -e "popen" -e "getenv" -e "gettimeofday" -e "clock_gettime" -e "ioctl" -e "mmap" ../Phi/raw/*.c  | wc -l
316
ubuntu@fuzzing-05:~/experiment-7/exp-env$ grep -l -e" args\[i\]" -e" args\[i\]" -e "scanf" -e "fscanf" -e "fgets" -e "gets" -e "getchar" -e "getc" -e "fgetc" -e "scanf_s" -e "fread" -e "scanf" -e "fscanf" -e "fgets" -e "gets" -e "getchar" -e "getc" -e "fgetc" -e "scanf_s" -e "fread" -e "getline" -e "read" -e "fgetchar" -e "getch" -e "getche" -e "kbhit" -e "sscanf" -e "vscanf" -e "vfscanf" -e "vsscanf" -e "vfscanf" -e "vsscanf" -e "fgets_unlocked" -e "getdelim" -e "perror" -e "getpass" -e "getw" -e "getwc" -e "getwchar" -e "popen" -e "getenv" -e "gettimeofday" -e "clock_gettime" -e "ioctl" -e "mmap" ../CodeBooga/raw/*.c  | wc -l
546
ubuntu@fuzzing-05:~/experiment-7/exp-env$ grep -l -e" args\[i\]" -e" args\[i\]" -e "scanf" -e "fscanf" -e "fgets" -e "gets" -e "getchar" -e "getc" -e "fgetc" -e "scanf_s" -e "fread" -e "scanf" -e "fscanf" -e "fgets" -e "gets" -e "getchar" -e "getc" -e "fgetc" -e "scanf_s" -e "fread" -e "getline" -e "read" -e "fgetchar" -e "getch" -e "getche" -e "kbhit" -e "sscanf" -e "vscanf" -e "vfscanf" -e "vsscanf" -e "vfscanf" -e "vsscanf" -e "fgets_unlocked" -e "getdelim" -e "perror" -e "getpass" -e "getw" -e "getwc" -e "getwchar" -e "popen" -e "getenv" -e "gettimeofday" -e "clock_gettime" -e "ioctl" -e "mmap" ../Magicoder/raw/*.c  | wc -l
2941
ubuntu@fuzzing-05:~/experiment-7/exp-env$ grep -l -e" args\[i\]" -e" args\[i\]" -e "scanf" -e "fscanf" -e "fgets" -e "gets" -e "getchar" -e "getc" -e "fgetc" -e "scanf_s" -e "fread" -e "scanf" -e "fscanf" -e "fgets" -e "gets" -e "getchar" -e "getc" -e "fgetc" -e "scanf_s" -e "fread" -e "getline" -e "read" -e "fgetchar" -e "getch" -e "getche" -e "kbhit" -e "sscanf" -e "vscanf" -e "vfscanf" -e "vsscanf" -e "vfscanf" -e "vsscanf" -e "fgets_unlocked" -e "getdelim" -e "perror" -e "getpass" -e "getw" -e "getwc" -e "getwchar" -e "popen" -e "getenv" -e "gettimeofday" -e "clock_gettime" -e "ioctl" -e "mmap" ../TinyLlama/raw/*.c  | wc -l
707
ubuntu@fuzzing-05:~/experiment-7/exp-env$ grep -l -e" args\[i\]" -e" args\[i\]" -e "scanf" -e "fscanf" -e "fgets" -e "gets" -e "getchar" -e "getc" -e "fgetc" -e "scanf_s" -e "fread" -e "scanf" -e "fscanf" -e "fgets" -e "gets" -e "getchar" -e "getc" -e "fgetc" -e "scanf_s" -e "fread" -e "getline" -e "read" -e "fgetchar" -e "getch" -e "getche" -e "kbhit" -e "sscanf" -e "vscanf" -e "vfscanf" -e "vsscanf" -e "vfscanf" -e "vsscanf" -e "fgets_unlocked" -e "getdelim" -e "perror" -e "getpass" -e "getw" -e "getwc" -e "getwchar" -e "popen" -e "getenv" -e "gettimeofday" -e "clock_gettime" -e "ioctl" -e "mmap" ../gpt3.5-new/raw/*.c  | wc -l
1297
ubuntu@fuzzing-05:~/experiment-7/exp-env$ grep -l -e" args\[i\]" -e" args\[i\]" -e "scanf" -e "fscanf" -e "fgets" -e "gets" -e "getchar" -e "getc" -e "fgetc" -e "scanf_s" -e "fread" -e "scanf" -e "fscanf" -e "fgets" -e "gets" -e "getchar" -e "getc" -e "fgetc" -e "scanf_s" -e "fread" -e "getline" -e "read" -e "fgetchar" -e "getch" -e "getche" -e "kbhit" -e "sscanf" -e "vscanf" -e "vfscanf" -e "vsscanf" -e "vfscanf" -e "vsscanf" -e "fgets_unlocked" -e "getdelim" -e "perror" -e "getpass" -e "getw" -e "getwc" -e "getwchar" -e "popen" -e "getenv" -e "gettimeofday" -e "clock_gettime" -e "ioctl" -e "mmap" ../gpt3.5-old/raw/*.c  | wc -l
9
